# Domain: IGK
# Organism: homo_sapiens
# Sequence: 4QT5:A PDB:4QT5 4QT5
-	1	
L	2	
E	3	
M	4	
T	5	
Q	6	
S	7	
P	8	
L	9	
T	10	
L	11	
S	12	
V	13	
T	14	
T	15	
G	16	
Q	17	
P	18	
A	19	
S	20	
I	21	
S	22	
C	23	
K	24	
S	25	
S	26	
Q	27	
S	27 a	
L	27 b	
L	27 c	
D	27 d	
S	27 e	
D	28	
G	29	
K	30	
T	31	
Y	32	
L	33	
N	34	
W	35	
L	36	
L	37	
Q	38	
R	39	
P	40	
G	41	
Q	42	
S	43	
P	44	
K	45	
R	46	
L	47	
I	48	
Y	49	
L	50	
V	51	
S	52	
K	53	
V	54	
D	55	
S	56	
G	57	
V	58	
P	59	
D	60	
R	61	
F	62	
T	63	
G	64	
S	65	
G	66	
S	67	
G	68	
T	69	
D	70	
F	71	
T	72	
L	73	
K	74	
I	75	
S	76	
R	77	
V	78	
E	79	
A	80	
E	81	
D	82	
L	83	
G	84	
V	85	
Y	86	
Y	87	
C	88	
W	89	
Q	90	
G	91	
T	92	
H	93	
S	94	
P	95	
L	96	
T	97	
F	98	
G	99	
A	100	
G	101	
T	102	
K	103	
L	104	
E	105	
L	106	
K	107	
//
# Domain: IGH
# Organism: mus_muluscus
# Sequence: 4QT5:B PDB:4QT5 4QT5
Q	1	
V	2	
Q	3	
L	4	
L	5	
E	6	
S	7	
G	8	
A	9	
E	10	
L	11	
V	12	
K	13	
P	14	
G	15	
A	16	
P	17	
V	18	
R	19	
L	20	
S	21	
C	22	
K	23	
A	24	
S	25	
G	26	
Y	27	
T	28	
F	29	
T	30	
N	31	
Y	32	
W	33	
M	34	
N	35	
W	36	
V	37	
K	38	
Q	39	
R	40	
P	41	
G	42	
R	43	
G	44	
L	45	
E	46	
W	47	
I	48	
G	49	
R	50	
I	51	
D	52	
P	52 a	
S	53	
D	54	
S	55	
E	56	
T	57	
H	58	
Y	59	
N	60	
Q	61	
N	62	
F	63	
K	64	
D	65	
K	66	
A	67	
T	68	
L	69	
T	70	
V	71	
D	72	
K	73	
S	74	
S	75	
S	76	
T	77	
A	78	
Y	79	
I	80	
Q	81	
L	82	
S	82 a	
S	82 b	
L	82 c	
T	83	
S	84	
E	85	
D	86	
S	87	
A	88	
V	89	
Y	90	
Y	91	
C	92	
A	93	
R	94	
S	95	
-	96	
-	97	
-	98	
-	99	
-	100	
G	101	
Y	102	
W	103	
G	104	
Q	105	
G	106	
T	107	
T	108	
L	109	
T	110	
V	111	
S	112	
S	113	
//
# Domain: IGH
# Organism: mus_muluscus
# Sequence: 4QT5:H PDB:4QT5 4QT5
Q	1	
V	2	
Q	3	
L	4	
L	5	
E	6	
S	7	
G	8	
A	9	
E	10	
L	11	
V	12	
K	13	
P	14	
G	15	
A	16	
P	17	
V	18	
R	19	
L	20	
S	21	
C	22	
K	23	
A	24	
S	25	
G	26	
Y	27	
T	28	
F	29	
T	30	
N	31	
Y	32	
W	33	
M	34	
N	35	
W	36	
V	37	
K	38	
Q	39	
R	40	
P	41	
G	42	
R	43	
G	44	
L	45	
E	46	
W	47	
I	48	
G	49	
R	50	
I	51	
D	52	
P	52 a	
S	53	
D	54	
S	55	
E	56	
T	57	
H	58	
Y	59	
N	60	
Q	61	
N	62	
F	63	
K	64	
D	65	
K	66	
A	67	
T	68	
L	69	
T	70	
V	71	
D	72	
K	73	
S	74	
S	75	
S	76	
T	77	
A	78	
Y	79	
I	80	
Q	81	
L	82	
S	82 a	
S	82 b	
L	82 c	
T	83	
S	84	
E	85	
D	86	
S	87	
A	88	
V	89	
Y	90	
Y	91	
C	92	
A	93	
R	94	
S	95	
-	96	
-	97	
-	98	
-	99	
-	100	
G	101	
Y	102	
W	103	
G	104	
Q	105	
G	106	
T	107	
T	108	
L	109	
T	110	
V	111	
S	112	
S	113	
//
# Domain: IGK
# Organism: homo_sapiens
# Sequence: 4QT5:L PDB:4QT5 4QT5
-	1	
L	2	
E	3	
M	4	
T	5	
Q	6	
S	7	
P	8	
L	9	
T	10	
L	11	
S	12	
V	13	
T	14	
T	15	
G	16	
Q	17	
P	18	
A	19	
S	20	
I	21	
S	22	
C	23	
K	24	
S	25	
S	26	
Q	27	
S	27 a	
L	27 b	
L	27 c	
D	27 d	
S	27 e	
D	28	
G	29	
K	30	
T	31	
Y	32	
L	33	
N	34	
W	35	
L	36	
L	37	
Q	38	
R	39	
P	40	
G	41	
Q	42	
S	43	
P	44	
K	45	
R	46	
L	47	
I	48	
Y	49	
L	50	
V	51	
S	52	
K	53	
V	54	
D	55	
S	56	
G	57	
V	58	
P	59	
D	60	
R	61	
F	62	
T	63	
G	64	
S	65	
G	66	
S	67	
G	68	
T	69	
D	70	
F	71	
T	72	
L	73	
K	74	
I	75	
S	76	
R	77	
V	78	
E	79	
A	80	
E	81	
D	82	
L	83	
G	84	
V	85	
Y	86	
Y	87	
C	88	
W	89	
Q	90	
G	91	
T	92	
H	93	
S	94	
P	95	
L	96	
T	97	
F	98	
G	99	
A	100	
G	101	
T	102	
K	103	
L	104	
E	105	
L	106	
K	107	
//
