# Domain: IGK
# Organism: homo_sapiens
# Sequence: 4QT5:A PDB:4QT5 4QT5
-	1	
L	2	
E	3	
M	4	
T	5	
Q	6	
S	7	
P	8	
L	9	
T	10	
L	11	
S	12	
V	13	
T	14	
T	15	
G	16	
Q	17	
P	18	
A	19	
S	20	
I	21	
S	22	
C	23	
K	24	
S	25	
S	26	
Q	27	
S	28	
L	29	
L	30	
D	31	
S	32	
-	33	
D	34	
G	35	
K	36	
T	37	
Y	38	
L	39	
N	40	
W	41	
L	42	
L	43	
Q	44	
R	45	
P	46	
G	47	
Q	48	
S	49	
P	50	
K	51	
R	52	
L	53	
I	54	
Y	55	
L	56	
V	57	
-	58	
-	59	
-	60	
-	61	
-	62	
-	63	
-	64	
S	65	
K	66	
V	67	
D	68	
S	69	
G	70	
V	71	
P	72	
-	73	
D	74	
R	75	
F	76	
T	77	
G	78	
S	79	
G	80	
-	81	
-	82	
S	83	
G	84	
T	85	
D	86	
F	87	
T	88	
L	89	
K	90	
I	91	
S	92	
R	93	
V	94	
E	95	
A	96	
E	97	
D	98	
L	99	
G	100	
V	101	
Y	102	
Y	103	
C	104	
W	105	
Q	106	
G	107	
T	108	
H	109	
-	110	
-	111	
-	112	
-	113	
S	114	
P	115	
L	116	
T	117	
F	118	
G	119	
A	120	
G	121	
T	122	
K	123	
L	124	
E	125	
L	126	
K	127	
//
# Domain: IGH
# Organism: mus_muluscus
# Sequence: 4QT5:B PDB:4QT5 4QT5
Q	1	
V	2	
Q	3	
L	4	
L	5	
E	6	
S	7	
G	8	
A	9	
-	10	
E	11	
L	12	
V	13	
K	14	
P	15	
G	16	
A	17	
P	18	
V	19	
R	20	
L	21	
S	22	
C	23	
K	24	
A	25	
S	26	
G	27	
Y	28	
T	29	
F	30	
-	31	
-	32	
-	33	
-	34	
T	35	
N	36	
Y	37	
W	38	
M	39	
N	40	
W	41	
V	42	
K	43	
Q	44	
R	45	
P	46	
G	47	
R	48	
G	49	
L	50	
E	51	
W	52	
I	53	
G	54	
R	55	
I	56	
D	57	
P	58	
S	59	
-	60	
-	61	
D	62	
S	63	
E	64	
T	65	
H	66	
Y	67	
N	68	
Q	69	
N	70	
F	71	
K	72	
-	73	
D	74	
K	75	
A	76	
T	77	
L	78	
T	79	
V	80	
D	81	
K	82	
S	83	
S	84	
S	85	
T	86	
A	87	
Y	88	
I	89	
Q	90	
L	91	
S	92	
S	93	
L	94	
T	95	
S	96	
E	97	
D	98	
S	99	
A	100	
V	101	
Y	102	
Y	103	
C	104	
A	105	
R	106	
S	107	
-	108	
-	109	
-	110	
-	111	
-	112	
-	113	
-	114	
-	115	
G	116	
Y	117	
W	118	
G	119	
Q	120	
G	121	
T	122	
T	123	
L	124	
T	125	
V	126	
S	127	
S	128	
//
# Domain: IGH
# Organism: mus_muluscus
# Sequence: 4QT5:H PDB:4QT5 4QT5
Q	1	
V	2	
Q	3	
L	4	
L	5	
E	6	
S	7	
G	8	
A	9	
-	10	
E	11	
L	12	
V	13	
K	14	
P	15	
G	16	
A	17	
P	18	
V	19	
R	20	
L	21	
S	22	
C	23	
K	24	
A	25	
S	26	
G	27	
Y	28	
T	29	
F	30	
-	31	
-	32	
-	33	
-	34	
T	35	
N	36	
Y	37	
W	38	
M	39	
N	40	
W	41	
V	42	
K	43	
Q	44	
R	45	
P	46	
G	47	
R	48	
G	49	
L	50	
E	51	
W	52	
I	53	
G	54	
R	55	
I	56	
D	57	
P	58	
S	59	
-	60	
-	61	
D	62	
S	63	
E	64	
T	65	
H	66	
Y	67	
N	68	
Q	69	
N	70	
F	71	
K	72	
-	73	
D	74	
K	75	
A	76	
T	77	
L	78	
T	79	
V	80	
D	81	
K	82	
S	83	
S	84	
S	85	
T	86	
A	87	
Y	88	
I	89	
Q	90	
L	91	
S	92	
S	93	
L	94	
T	95	
S	96	
E	97	
D	98	
S	99	
A	100	
V	101	
Y	102	
Y	103	
C	104	
A	105	
R	106	
S	107	
-	108	
-	109	
-	110	
-	111	
-	112	
-	113	
-	114	
-	115	
G	116	
Y	117	
W	118	
G	119	
Q	120	
G	121	
T	122	
T	123	
L	124	
T	125	
V	126	
S	127	
S	128	
//
# Domain: IGK
# Organism: homo_sapiens
# Sequence: 4QT5:L PDB:4QT5 4QT5
-	1	
L	2	
E	3	
M	4	
T	5	
Q	6	
S	7	
P	8	
L	9	
T	10	
L	11	
S	12	
V	13	
T	14	
T	15	
G	16	
Q	17	
P	18	
A	19	
S	20	
I	21	
S	22	
C	23	
K	24	
S	25	
S	26	
Q	27	
S	28	
L	29	
L	30	
D	31	
S	32	
-	33	
D	34	
G	35	
K	36	
T	37	
Y	38	
L	39	
N	40	
W	41	
L	42	
L	43	
Q	44	
R	45	
P	46	
G	47	
Q	48	
S	49	
P	50	
K	51	
R	52	
L	53	
I	54	
Y	55	
L	56	
V	57	
-	58	
-	59	
-	60	
-	61	
-	62	
-	63	
-	64	
S	65	
K	66	
V	67	
D	68	
S	69	
G	70	
V	71	
P	72	
-	73	
D	74	
R	75	
F	76	
T	77	
G	78	
S	79	
G	80	
-	81	
-	82	
S	83	
G	84	
T	85	
D	86	
F	87	
T	88	
L	89	
K	90	
I	91	
S	92	
R	93	
V	94	
E	95	
A	96	
E	97	
D	98	
L	99	
G	100	
V	101	
Y	102	
Y	103	
C	104	
W	105	
Q	106	
G	107	
T	108	
H	109	
-	110	
-	111	
-	112	
-	113	
S	114	
P	115	
L	116	
T	117	
F	118	
G	119	
A	120	
G	121	
T	122	
K	123	
L	124	
E	125	
L	126	
K	127	
//
