# Domain: IGH
# Organism: homo_sapiens
# Sequence: 8yzk
F	1	
V	2	
Q	3	
L	4	
V	5	
E	6	
S	7	
G	8	
G	9	
G	10	
L	11	
V	12	
H	13	
P	14	
G	15	
G	16	
S	17	
L	18	
R	19	
L	20	
S	21	
C	22	
A	23	
A	24	
S	25	
G	26	
F	27	
T	28	
F	29	
R	30	
S	31	
H	32	
S	33	
M	34	
N	35	
W	36	
V	37	
R	38	
Q	39	
A	40	
P	41	
G	42	
K	43	
G	44	
L	45	
E	46	
W	47	
V	48	
S	49	
S	50	
I	51	
S	52	
S	52 a	
D	53	
S	54	
T	55	
Y	56	
T	57	
Y	58	
Y	59	
A	60	
D	61	
S	62	
-	63	
-	64	
-	65	
-	66	
-	67	
-	68	
-	69	
-	70	
-	71	
-	72	
-	73	
-	74	
-	75	
-	76	
-	77	
-	78	
-	79	
-	80	
-	81	
-	82	
-	83	
-	84	
-	85	
-	86	
-	87	
-	88	
-	89	
-	90	
-	91	
-	92	
-	93	
-	94	
-	95	
-	96	
-	97	
-	98	
-	99	
-	100	
-	101	
-	102	
-	103	
-	104	
-	105	
-	106	
-	107	
-	108	
-	109	
-	110	
-	111	
-	112	
//
